ASxxxx Linker V03.00 + NoICE + sdld,  page 1.
Hexadecimal  [32-Bits]

Area                       Addr        Size        Decimal Bytes (Attributes)
--------------------       ----        ----        ------- ----- ------------
.  .ABS.               00000000    00000000 =           0. bytes (ABS,CON)

        Value  Global            Value  Global            Value  Global    
        -----  ------            -----  ------            -----  ------    
     00000000  .__.ABS.  |    00000000  _rRAMG    |    00000000  l__BASE  
     00000000  l__BSS    |    00000000  l__CABS   |    00000000  l__CODE_0
     00000000  l__DABS   |    00000000  l__EMU_HE |    00000000  l__FONT_H
     00000000  l__HEADER |    00000000  l__HEADER |    00000000  l__HEAP  
     00000000  l__HEAP_E |    00000000  l__HRAM   |    00000000  l__LIT   
     00000000  s__CABS   |    00000000  s__DABS   |    00000000  s__EMU_HE
     00000000  s__EMU_HE |    00000000  s__FONT_H |    00000000  s__FONT_H
     00000000  s__HEADER |    00000000  s__HEADER |    00000000  s__HEADER
     00000000  s__HEADER |    00000000  s__HEADER |    00000000  s__HEADER
     00000000  s__HEADER |    00000000  s__HEADER |    00000000  s__HEADER
     00000000  s__HEADER |    00000000  s__HEADER |    00000000  s__HEADER
     00000000  s__HEADER |    00000000  s__HEADER |    00000000  s__HEADER
     00000000  s__HEADER |    00000000  s__HEADER |    00000000  s__HEADER
     00000000  s__HEADER |    00000000  s__HEADER |    00000000  s__HEADER
     00000000  s__HRAM   |    00000000  s__HRAM12 |    00000001  l__GSFINA
     00000001  l__HEADER |    00000001  l__HEADER |    00000001  l__HEADER
     00000001  l__HEADER |    00000001  l__HEADER |    00000001  l__HEADER
     00000001  l__HEADER |    00000002  l__HEADER |    00000002  l__HEADER
     00000002  l__HEADER |    00000003  l__EMU_HE |    00000003  l__FONT_H
     00000003  l__HEADER |    00000003  l__HEADER |    00000003  l__HRAM12
     00000005  l__HEADER |    00000006  l__HEADER |    00000007  l__HEADER
     00000008  l__HEADER |    0000000C  l__GSINIT |    0000000C  l__INITIA
     0000000C  l__INITIA |    00000030  l__HEADER |    00000035  l__DATA  
     0000004C  l__HEADER |    00000084  l__HEADER |    00000200  s__CODE  
     000006A4  l__CODE   |    000008A4  s__HOME   |    000008A5  l__HOME  
     00001149  s__BASE   |    00001149  s__CODE_0 |    00001149  s__INITIA
     00001149  s__LIT    |    00001155  s__GSINIT |    00001161  s__GSFINA
     00002000  _rROMB0   |    00003000  _rROMB1   |    00004000  _rRAMB   
     00008000  __VRAM    |    00008000  __VRAM800 |    00008800  __VRAM880
     00009000  __VRAM900 |    00009800  __SCRN0   |    00009C00  __SCRN1  
     0000A000  __SRAM    |    0000C000  __RAM     |    0000C000  _shadow_O
     0000C0A0  s__DATA   |    0000C0D5  s__BSS    |    0000C0D5  s__INITIA
     0000C0E1  s__HEAP   |    0000C0E1  s__HEAP_E |    0000D000  __RAMBANK
     0000E000  .STACK    |    0000FE00  __OAMRAM  |    0000FF00  _P1_REG  
     0000FF00  __IO      |    0000FF01  _SB_REG   |    0000FF02  _SC_REG  
     0000FF04  _DIV_REG  |    0000FF05  _TIMA_REG |    0000FF06  _TMA_REG 
     0000FF07  _TAC_REG  |    0000FF0F  _IF_REG   |    0000FF10  _NR10_REG
     0000FF11  _NR11_REG |    0000FF12  _NR12_REG |    0000FF13  _NR13_REG
     0000FF14  _NR14_REG |    0000FF16  _NR21_REG |    0000FF17  _NR22_REG
     0000FF18  _NR23_REG |    0000FF19  _NR24_REG |    0000FF1A  _NR30_REG
     0000FF1B  _NR31_REG |    0000FF1C  _NR32_REG |    0000FF1D  _NR33_REG
     0000FF1E  _NR34_REG |    0000FF20  _NR41_REG |    0000FF21  _NR42_REG
     0000FF22  _NR43_REG |    0000FF23  _NR44_REG |    0000FF24  _NR50_REG
     0000FF25  _NR51_REG |    0000FF26  _NR52_REG |    0000FF30  _AUD3WAVE
     0000FF30  _PCM_SAMP |    0000FF30  __AUD3WAV |    0000FF40  _LCDC_REG
     0000FF41  _STAT_REG |    0000FF42  _SCY_REG  |    0000FF43  _SCX_REG 
     0000FF44  _LY_REG   |    0000FF45  _LYC_REG  |    0000FF46  _DMA_REG 
     0000FF47  _BGP_REG  |    0000FF48  _OBP0_REG |    0000FF49  _OBP1_REG
     0000FF4A  _WY_REG   |    0000FF4B  _WX_REG   |    0000FF4D  _KEY1_REG
     0000FF4F  _VBK_REG  |    0000FF51  _HDMA1_RE |    0000FF52  _HDMA2_RE
ASxxxx Linker V03.00 + NoICE + sdld,  page 2.
Hexadecimal  [32-Bits]

Area                       Addr        Size        Decimal Bytes (Attributes)
--------------------       ----        ----        ------- ----- ------------
.  .ABS.               00000000    00000000 =           0. bytes (ABS,CON)

        Value  Global            Value  Global            Value  Global    
        -----  ------            -----  ------            -----  ------    
     0000FF53  _HDMA3_RE |    0000FF54  _HDMA4_RE |    0000FF55  _HDMA5_RE
     0000FF56  _RP_REG   |    0000FF68  _BCPS_REG |    0000FF69  _BCPD_REG
     0000FF6A  _OCPS_REG |    0000FF6B  _OCPD_REG |    0000FF70  _SVBK_REG
     0000FF76  _PCM12_RE |    0000FF77  _PCM34_RE |    0000FF80  .refresh_
     0000FF80  __HRAM    |    0000FFFF  _IE_REG  
ASxxxx Linker V03.00 + NoICE + sdld,  page 3.
Hexadecimal  [32-Bits]

Area                       Addr        Size        Decimal Bytes (Attributes)
--------------------       ----        ----        ------- ----- ------------
_CODE                  00000200    000006A4 =        1700. bytes (REL,CON)

        Value  Global            Value  Global            Value  Global    
        -----  ------            -----  ------            -----  ------    
     00000200  _scanline |    00000227  _scanline |    00000237  _main    
     00000304  _scroller |    00000480  _set_vram |    0000048F  _set_win_
     00000497  _set_bkg_ |    000004C1  _printf   |    000004D6  _get_win_
     000004DE  _get_bkg_ |    00000534  ___printf |    00000883  _sprintf 
ASxxxx Linker V03.00 + NoICE + sdld,  page 4.
Hexadecimal  [32-Bits]

Area                       Addr        Size        Decimal Bytes (Attributes)
--------------------       ----        ----        ------- ----- ------------
_HEADER0               00000000    00000001 =           1. bytes (ABS,CON)

        Value  Global            Value  Global            Value  Global    
        -----  ------            -----  ------            -----  ------    
     00000020  .call_hl 
ASxxxx Linker V03.00 + NoICE + sdld,  page 5.
Hexadecimal  [32-Bits]

Area                       Addr        Size        Decimal Bytes (Attributes)
--------------------       ----        ----        ------- ----- ------------
_HEADER1               00000000    00000005 =           5. bytes (ABS,CON)

        Value  Global            Value  Global            Value  Global    
        -----  ------            -----  ------            -----  ------    
     00000028  .MemsetSm
ASxxxx Linker V03.00 + NoICE + sdld,  page 6.
Hexadecimal  [32-Bits]

Area                       Addr        Size        Decimal Bytes (Attributes)
--------------------       ----        ----        ------- ----- ------------
_HEADER2               00000000    00000007 =           7. bytes (ABS,CON)

        Value  Global            Value  Global            Value  Global    
        -----  ------            -----  ------            -----  ------    
     00000030  .MemcpySm
ASxxxx Linker V03.00 + NoICE + sdld,  page 7.
Hexadecimal  [32-Bits]

Area                       Addr        Size        Decimal Bytes (Attributes)
--------------------       ----        ----        ------- ----- ------------
_HEADER3               00000000    00000008 =           8. bytes (ABS,CON)

        Value  Global            Value  Global            Value  Global    
        -----  ------            -----  ------            -----  ------    
ASxxxx Linker V03.00 + NoICE + sdld,  page 8.
Hexadecimal  [32-Bits]

Area                       Addr        Size        Decimal Bytes (Attributes)
--------------------       ----        ----        ------- ----- ------------
_HEADER4               00000000    0000004C =          76. bytes (ABS,CON)

        Value  Global            Value  Global            Value  Global    
        -----  ------            -----  ------            -----  ------    
     00000080  .int      |    0000008F  _wait_int |    0000009C  __standar
     000000AC  _refresh_
ASxxxx Linker V03.00 + NoICE + sdld,  page 9.
Hexadecimal  [32-Bits]

Area                       Addr        Size        Decimal Bytes (Attributes)
--------------------       ----        ----        ------- ----- ------------
_HEADER5               00000000    00000002 =           2. bytes (ABS,CON)

        Value  Global            Value  Global            Value  Global    
        -----  ------            -----  ------            -----  ------    
ASxxxx Linker V03.00 + NoICE + sdld,  page 10.
Hexadecimal  [32-Bits]

Area                       Addr        Size        Decimal Bytes (Attributes)
--------------------       ----        ----        ------- ----- ------------
_HEADER6               00000000    00000030 =          48. bytes (ABS,CON)

        Value  Global            Value  Global            Value  Global    
        -----  ------            -----  ------            -----  ------    
ASxxxx Linker V03.00 + NoICE + sdld,  page 11.
Hexadecimal  [32-Bits]

Area                       Addr        Size        Decimal Bytes (Attributes)
--------------------       ----        ----        ------- ----- ------------
_HEADER7               00000000    00000006 =           6. bytes (ABS,CON)

        Value  Global            Value  Global            Value  Global    
        -----  ------            -----  ------            -----  ------    
ASxxxx Linker V03.00 + NoICE + sdld,  page 12.
Hexadecimal  [32-Bits]

Area                       Addr        Size        Decimal Bytes (Attributes)
--------------------       ----        ----        ------- ----- ------------
_HEADER8               00000000    00000003 =           3. bytes (ABS,CON)

        Value  Global            Value  Global            Value  Global    
        -----  ------            -----  ------            -----  ------    
ASxxxx Linker V03.00 + NoICE + sdld,  page 13.
Hexadecimal  [32-Bits]

Area                       Addr        Size        Decimal Bytes (Attributes)
--------------------       ----        ----        ------- ----- ------------
_HEADER9               00000000    00000001 =           1. bytes (ABS,CON)

        Value  Global            Value  Global            Value  Global    
        -----  ------            -----  ------            -----  ------    
ASxxxx Linker V03.00 + NoICE + sdld,  page 14.
Hexadecimal  [32-Bits]

Area                       Addr        Size        Decimal Bytes (Attributes)
--------------------       ----        ----        ------- ----- ------------
_HEADERa               00000000    00000001 =           1. bytes (ABS,CON)

        Value  Global            Value  Global            Value  Global    
        -----  ------            -----  ------            -----  ------    
ASxxxx Linker V03.00 + NoICE + sdld,  page 15.
Hexadecimal  [32-Bits]

Area                       Addr        Size        Decimal Bytes (Attributes)
--------------------       ----        ----        ------- ----- ------------
_HEADERb               00000000    00000001 =           1. bytes (ABS,CON)

        Value  Global            Value  Global            Value  Global    
        -----  ------            -----  ------            -----  ------    
ASxxxx Linker V03.00 + NoICE + sdld,  page 16.
Hexadecimal  [32-Bits]

Area                       Addr        Size        Decimal Bytes (Attributes)
--------------------       ----        ----        ------- ----- ------------
_HEADERc               00000000    00000002 =           2. bytes (ABS,CON)

        Value  Global            Value  Global            Value  Global    
        -----  ------            -----  ------            -----  ------    
ASxxxx Linker V03.00 + NoICE + sdld,  page 17.
Hexadecimal  [32-Bits]

Area                       Addr        Size        Decimal Bytes (Attributes)
--------------------       ----        ----        ------- ----- ------------
_HEADERd               00000000    00000001 =           1. bytes (ABS,CON)

        Value  Global            Value  Global            Value  Global    
        -----  ------            -----  ------            -----  ------    
ASxxxx Linker V03.00 + NoICE + sdld,  page 18.
Hexadecimal  [32-Bits]

Area                       Addr        Size        Decimal Bytes (Attributes)
--------------------       ----        ----        ------- ----- ------------
_HEADERe               00000000    00000001 =           1. bytes (ABS,CON)

        Value  Global            Value  Global            Value  Global    
        -----  ------            -----  ------            -----  ------    
ASxxxx Linker V03.00 + NoICE + sdld,  page 19.
Hexadecimal  [32-Bits]

Area                       Addr        Size        Decimal Bytes (Attributes)
--------------------       ----        ----        ------- ----- ------------
_HEADERf               00000000    00000002 =           2. bytes (ABS,CON)

        Value  Global            Value  Global            Value  Global    
        -----  ------            -----  ------            -----  ------    
ASxxxx Linker V03.00 + NoICE + sdld,  page 20.
Hexadecimal  [32-Bits]

Area                       Addr        Size        Decimal Bytes (Attributes)
--------------------       ----        ----        ------- ----- ------------
_HEADER10              00000000    00000084 =         132. bytes (ABS,CON)

        Value  Global            Value  Global            Value  Global    
        -----  ------            -----  ------            -----  ------    
     00000150  .reset    |    00000150  _reset    |    00000157  .code_sta
     000001B9  _exit     |    000001BD  _set_inte
ASxxxx Linker V03.00 + NoICE + sdld,  page 21.
Hexadecimal  [32-Bits]

Area                       Addr        Size        Decimal Bytes (Attributes)
--------------------       ----        ----        ------- ----- ------------
_HEADER11              00000000    00000001 =           1. bytes (ABS,CON)

        Value  Global            Value  Global            Value  Global    
        -----  ------            -----  ------            -----  ------    
ASxxxx Linker V03.00 + NoICE + sdld,  page 22.
Hexadecimal  [32-Bits]

Area                       Addr        Size        Decimal Bytes (Attributes)
--------------------       ----        ----        ------- ----- ------------
_HOME                  000008A4    000008A5 =        2213. bytes (REL,CON)

        Value  Global            Value  Global            Value  Global    
        -----  ------            -----  ------            -----  ------    
     000008A4  .memset_s |    000008AD  .memcpy_s |    000008CA  .remove_V
     000008CD  .remove_i |    000008EA  .add_VBL  |    000008ED  .add_int 
     000008F8  .wait_vbl |    000008F8  _wait_vbl |    00000908  .display_
     00000908  _display_ |    00000920  _remove_V |    0000092B  _add_VBL 
     00000936  _EMU_prof |    000009AD  _add_LCD  |    000009B8  .add_LCD 
     000009BE  _remove_L |    000009C9  .remove_L |    000009CF  _font_loa
     000009D6  font_load |    00000A1E  font_copy |    00000A54  font_set 
     00000A61  .put_char |    00000A79  .out_char |    00000A7F  .del_char
     00000AD5  _putchar  |    00000ADE  _setchar  |    00000AE7  _font_loa
     00000AF5  _font_set |    00000B04  _font_ini |    00000B23  .cls     
     00000B23  _cls      |    00000B45  _gotoxy   |    00000B50  _posx    
     00000B61  _posy     |    00000B89  .cr_curs  |    00000B9E  .adv_curs
     00000BFA  .tmode    |    00000C23  .tmode_ou |    00000C2C  _color   
     00000C2C  _set_1bpp |    00000C3B  .drawing_ |    00000C46  .drawing_
     00000C53  _font_ibm |    00001005  _set_tile |    0000100A  _set_bkg_
     0000100A  _set_win_ |    00001012  _set_spri |    00001042  _uitoa   
     00001051  _itoa     |    00001060  .itoa     |    00001074  .utoa    
     000010E8  _set_bkg_ |    000010E8  _set_win_ |    000010F0  _set_spri
     00001148  ___sdcc_c
ASxxxx Linker V03.00 + NoICE + sdld,  page 23.
Hexadecimal  [32-Bits]

Area                       Addr        Size        Decimal Bytes (Attributes)
--------------------       ----        ----        ------- ----- ------------
_INITIALIZER           00001149    0000000C =          12. bytes (REL,CON)

        Value  Global            Value  Global            Value  Global    
        -----  ------            -----  ------            -----  ------    
ASxxxx Linker V03.00 + NoICE + sdld,  page 24.
Hexadecimal  [32-Bits]

Area                       Addr        Size        Decimal Bytes (Attributes)
--------------------       ----        ----        ------- ----- ------------
_GSINIT                00001155    0000000C =          12. bytes (REL,CON)

        Value  Global            Value  Global            Value  Global    
        -----  ------            -----  ------            -----  ------    
     00001155  gsinit   
ASxxxx Linker V03.00 + NoICE + sdld,  page 25.
Hexadecimal  [32-Bits]

Area                       Addr        Size        Decimal Bytes (Attributes)
--------------------       ----        ----        ------- ----- ------------
_GSFINAL               00001161    00000001 =           1. bytes (REL,CON)

        Value  Global            Value  Global            Value  Global    
        -----  ------            -----  ------            -----  ------    
ASxxxx Linker V03.00 + NoICE + sdld,  page 26.
Hexadecimal  [32-Bits]

Area                       Addr        Size        Decimal Bytes (Attributes)
--------------------       ----        ----        ------- ----- ------------
_DATA                  0000C0A0    00000035 =          53. bytes (REL,CON)

        Value  Global            Value  Global            Value  Global    
        -----  ------            -----  ------            -----  ------    
     0000C0A0  __cpu     |    0000C0A1  __is_GBA  |    0000C0A2  .mode    
     0000C0A3  .sys_time |    0000C0A3  _sys_time |    0000C0A5  .int_0x40
     0000C0B1  _scroller |    0000C0B3  _base     |    0000C0B5  _limit   
     0000C0B7  .int_0x48 |    0000C0BF  font_curr |    0000C0C2  font_firs
     0000C0C3  font_tabl
ASxxxx Linker V03.00 + NoICE + sdld,  page 27.
Hexadecimal  [32-Bits]

Area                       Addr        Size        Decimal Bytes (Attributes)
--------------------       ----        ----        ------- ----- ------------
_INITIALIZED           0000C0D5    0000000C =          12. bytes (REL,CON)

        Value  Global            Value  Global            Value  Global    
        -----  ------            -----  ------            -----  ------    
     0000C0D7  _scanline |    0000C0D9  _scroller |    0000C0DA  _scroller
     0000C0DC  .curx     |    0000C0DD  .cury     |    0000C0DE  .fg_colou
     0000C0DE  __current |    0000C0DF  .bg_colou |    0000C0E0  .draw_mod
ASxxxx Linker V03.00 + NoICE + sdld,  page 28.
Hexadecimal  [32-Bits]

Area                       Addr        Size        Decimal Bytes (Attributes)
--------------------       ----        ----        ------- ----- ------------
_HRAM12                00000000    00000003 =           3. bytes (ABS,CON)

        Value  Global            Value  Global            Value  Global    
        -----  ------            -----  ------            -----  ------    
     0000FF90  __current |    0000FF92  __shadow_
ASxxxx Linker V03.00 + NoICE + sdld,  page 29.
Hexadecimal  [32-Bits]

Area                       Addr        Size        Decimal Bytes (Attributes)
--------------------       ----        ----        ------- ----- ------------
_EMU_HEADER0           00000000    00000003 =           3. bytes (ABS,CON)

        Value  Global            Value  Global            Value  Global    
        -----  ------            -----  ------            -----  ------    
ASxxxx Linker V03.00 + NoICE + sdld,  page 30.
Hexadecimal  [32-Bits]

Area                       Addr        Size        Decimal Bytes (Attributes)
--------------------       ----        ----        ------- ----- ------------
_HEADER_LCD0           00000000    00000003 =           3. bytes (ABS,CON)

        Value  Global            Value  Global            Value  Global    
        -----  ------            -----  ------            -----  ------    
ASxxxx Linker V03.00 + NoICE + sdld,  page 31.
Hexadecimal  [32-Bits]

Area                       Addr        Size        Decimal Bytes (Attributes)
--------------------       ----        ----        ------- ----- ------------
_FONT_HEADER0          00000000    00000003 =           3. bytes (ABS,CON)

        Value  Global            Value  Global            Value  Global    
        -----  ------            -----  ------            -----  ------    
ASxxxx Linker V03.00 + NoICE + sdld,  page 32.

Files Linked                              [ module(s) ]

../../../lib/gb/crt0.o                    [ Runtime ]
/tmp/lcc9590.o                            [ text_scroller ]


Libraries Linked                          [ object file ]

../../../lib/gb/gb.lib                    [ sfr.o ]
../../../lib/gb/gb.lib                    [ emu_debug.o ]
../../../lib/gb/gb.lib                    [ set_tile.o ]
../../../lib/sm83/sm83.lib                [ printf.o ]
../../../lib/gb/gb.lib                    [ lcd.o ]
../../../lib/gb/gb.lib                    [ get_addr.o ]
../../../lib/gb/gb.lib                    [ font.o ]
../../../lib/gb/gb.lib                    [ color.o ]
../../../lib/gb/gb.lib                    [ drawing_isr.o ]
../../../lib/gb/gb.lib                    [ f_ibm_sh.o ]
../../../lib/sm83/sm83.lib                [ sprintf.o ]
../../../lib/gb/gb.lib                    [ set_data.o ]
../../../lib/sm83/sm83.lib                [ itoa.o ]
../../../lib/gb/gb.lib                    [ set_1bit_data.o ]
../../../lib/sm83/sm83.lib                [ __sdcc_call_hl.o ]

ASxxxx Linker V03.00 + NoICE + sdld,  page 33.

User Base Address Definitions

_DATA=0xC0A0
_CODE=0x0200
ASxxxx Linker V03.00 + NoICE + sdld,  page 34.

User Global Definitions

_shadow_OAM=0xC000
.STACK=0xE000
.refresh_OAM=0xFF80

