                                      1 ;--------------------------------------------------------
                                      2 ; File Created by SDCC : free open source ISO C Compiler 
                                      3 ; Version 4.2.2 #13350 (Linux)
                                      4 ;--------------------------------------------------------
                                      5 	.module bank_1
                                      6 	.optsdcc -msm83
                                      7 	
                                      8 ;--------------------------------------------------------
                                      9 ; Public variables in this module
                                     10 ;--------------------------------------------------------
                                     11 	.globl b_bank_1
                                     12 	.globl _bank_1
                                     13 	.globl _puts
                                     14 	.globl _var_1
                                     15 ;--------------------------------------------------------
                                     16 ; special function registers
                                     17 ;--------------------------------------------------------
                                     18 ;--------------------------------------------------------
                                     19 ; ram data
                                     20 ;--------------------------------------------------------
                                     21 	.area _DATA_1
      000000                         22 _var_1::
      000000                         23 	.ds 2
                                     24 ;--------------------------------------------------------
                                     25 ; ram data
                                     26 ;--------------------------------------------------------
                                     27 	.area _INITIALIZED
                                     28 ;--------------------------------------------------------
                                     29 ; absolute external ram data
                                     30 ;--------------------------------------------------------
                                     31 	.area _DABS (ABS)
                                     32 ;--------------------------------------------------------
                                     33 ; global & static initialisations
                                     34 ;--------------------------------------------------------
                                     35 	.area _HOME
                                     36 	.area _GSINIT
                                     37 	.area _GSFINAL
                                     38 	.area _GSINIT
                                     39 ;--------------------------------------------------------
                                     40 ; Home
                                     41 ;--------------------------------------------------------
                                     42 	.area _HOME
                                     43 	.area _HOME
                                     44 ;--------------------------------------------------------
                                     45 ; code
                                     46 ;--------------------------------------------------------
                                     47 	.area _CODE_1
                                     48 ;bank_1.c:7: void bank_1() BANKED /* In ROM bank 1 */
                                     49 ;	---------------------------------
                                     50 ; Function bank_1
                                     51 ; ---------------------------------
                           000001    52 	b_bank_1	= 1
      000000                         53 _bank_1::
                                     54 ;bank_1.c:9: puts("I'm in ROM bank 1");
      000000 11r06r00         [12]   55 	ld	de, #___str_0
                                     56 ;bank_1.c:10: }
      000003 C3r00r00         [16]   57 	jp	_puts
      000006                         58 ___str_0:
      000006 49 27 6D 20 69 6E 20    59 	.ascii "I'm in ROM bank 1"
             52 4F 4D 20 62 61 6E
             6B 20 31
      000017 00                      60 	.db 0x00
                                     61 	.area _CODE_1
                                     62 	.area _INITIALIZER
                                     63 	.area _CABS (ABS)
